// Jest Snapshot v1, https://goo.gl/fbAQLP

exports[`<LotLevel /> Renders the component to match the snapshot 1`] = `
<Styled(MuiBox)
  className="makeStyles-lotLevel-2"
  display="flex"
  flexDirection="column"
  id="lot-level-box"
  justifyContent="center"
>
  <WithStyles(ForwardRef(CircularProgress))
    className="makeStyles-circularProgress-4"
    value={10}
    variant="static"
  />
  <Styled(MuiBox)
    mt={1}
  >
    <WithStyles(ForwardRef(Typography))
      align="center"
    >
      10
       / 
      100
    </WithStyles(ForwardRef(Typography))>
  </Styled(MuiBox)>
</Styled(MuiBox)>
`;
